> Total time: 2.999000 s
-------------------------------------------------------------------------------------------------------------------------------------
| FILE                          : FUNCTION                                        : LINE     : TIME        : %        : #           |
-------------------------------------------------------------------------------------------------------------------------------------
| Modules/Main                  : Anon                                            :     341  : 2.9300      : 97.7     :          33 |
| Launch                        : Anon                                            :     108  : 2.9300      : 97.7     :          33 |
| Classes/ButtonControl         : Draw                                            :      37  : 0.1840      : 6.1      :         198 |
| Classes/DropDownControl       : Draw                                            :     206  : 0.1250      : 4.2      :         198 |
| Classes/Control               : GetSize                                         :      91  : 0.0500      : 1.7      :          99 |
| Modules/Common                : __index                                         :     102  : 0.0280      : 0.9      :        8778 |
| Classes/DropDownControl       : CheckDroppedWidth                               :     525  : 0.0100      : 0.3      :         198 |
| Classes/ControlHost           : ProcessControlsInput                            :      35  : 0.0100      : 0.3      :          27 |
| Classes/CheckBoxControl       : Draw                                            :      33  : 0.0060      : 0.2      :          66 |
| Classes/ScrollBarControl      : Draw                                            :     109  : 0.0060      : 0.2      :          33 |
| Classes/DropDownControl       : GetProperty                                     :      37  : 0.0050      : 0.2      :         420 |
| Classes/Control               : GetProperty                                     :      46  : 0.0040      : 0.1      :        1776 |
| Modules/Build                 : Anon                                            :    1140  : 0.0010      : 0.0      :         990 |
| Classes/SearchHost            : IsSearchActive                                  :      68  : 0.0010      : 0.0      :         330 |
-------------------------------------------------------------------------------------------------------------------------------------
| Modules/Build                 : GetProperty                                     :     436  : ~           : ~        :          33 |
| Modules/Build                 : GetProperty                                     :     432  : ~           : ~        :          33 |
| Modules/Build                 : GetProperty                                     :     444  : ~           : ~        :          33 |
| Modules/Build                 : GetProperty                                     :     456  : ~           : ~        :          33 |
| Classes/TextListControl       : Draw                                            :      26  : ~           : ~        :          33 |
| Classes/EditControl           : UpdateScrollBars                                :     207  : ~           : ~        :          66 |
| Classes/EditControl           : Draw                                            :     241  : ~           : ~        :          33 |
| Classes/Control               : GetPos                                          :      65  : ~           : ~        :         516 |
| Classes/DropDownControl       : GetProperty                                     :      34  : ~           : ~        :          33 |
| ...e\ThirdParty\PathOfBuilding: stop                                            :     225  : ~           : ~        :           1 |
| Modules/Build                 : GetProperty                                     :     448  : ~           : ~        :          33 |
| Launch                        : Anon                                            :     172  : ~           : ~        :           7 |
| Classes/TradeQuery            : onFrameFunc                                     :      51  : ~           : ~        :          33 |
| Modules/Main                  : Anon                                            :     490  : ~           : ~        :           6 |
| Classes/Control               : SetAnchor                                       :      54  : ~           : ~        :          45 |
| Classes/LabelControl          : width                                           :       9  : ~           : ~        :           9 |
| Modules/ItemTools             : matchesKey                                      :     166  : ~           : ~        :           4 |
| Classes/ControlHost           : SelectControl                                   :      11  : ~           : ~        :           6 |
| Classes/PassiveTreeView       : Zoom                                            :     995  : ~           : ~        :           4 |
| Modules/Common                : isMouseInRegion                                 :     348  : ~           : ~        :           6 |
| Modules/Main                  : GetProperty                                     :     209  : ~           : ~        :          42 |
| Modules/Main                  : Anon                                            :     494  : ~           : ~        :           7 |
| Classes/TradeQueryRequests    : ProcessQueue                                    :      22  : ~           : ~        :          33 |
| Modules/Main                  : CallMode                                        :     508  : ~           : ~        :           9 |
| Modules/Build                 : CallMode                                        :    1062  : ~           : ~        :           9 |
| Classes/LabelControl          : Draw                                            :      14  : ~           : ~        :          66 |
| Modules/Main                  : DrawArrow                                       :    1364  : ~           : ~        :         363 |
| Classes/PassiveTreeView       : screenToTree                                    :     187  : ~           : ~        :          33 |
| Modules/Common                : Anon                                            :      54  : ~           : ~        :          47 |
| Launch                        : Anon                                            :     138  : ~           : ~        :           7 |
| Classes/DropDownControl       : GetDropCount                                    :     100  : ~           : ~        :         330 |
| Classes/ScrollBarControl      : SetContentDimension                             :      24  : ~           : ~        :         396 |
| Classes/PassiveTreeView       : treeToScreen                                    :     183  : ~           : ~        :          33 |
| Classes/UndoHandler           : ResetUndo                                       :      19  : ~           : ~        :          33 |
| Classes/ControlHost           : DrawControls                                    :      88  : ~           : ~        :          99 |
| Classes/TreeTab               : GetSpecList                                     :     451  : ~           : ~        :          33 |
| Classes/EditControl           : SetText                                         :      96  : ~           : ~        :          33 |
-------------------------------------------------------------------------------------------------------------------------------------
